// Jest Snapshot v1, https://goo.gl/fbAQLP

exports[`SpaceX-Launch should renders app with correct props 1`] = `ShallowWrapper {}`;
